Neil Armstrong
Peggy Whitson
Garfunkel Torol Booth
Bismuth Rotaxian