Neil Armstrong
Ciri Geralt Vogelbaum
Galaria Kat Melbourne
Meiling Ilena Perez
Cassiopiea Umbra California
Barsack Kemnor