Neil Armstrong
Mehwish Garter Santa-Cruz
Tullia Atreyu Fandurin
Peggy Cellin Strife
Ludo Yuanchen Perez
Cloud Maheen Cillia
Kevin Bacon