Neil Armstrong
Shallan Jentry
Frodo Aetheryx
Zeta Zeflehim