Neil Armstrong
Raven Thane Magnusson
Sreevatsava Jennifer Dreyfuss
Yurt Shallan Rockafeller
Hotshot McButton
