Neil Armstrong
Lakshi Seltsa Hishla
Ganondorf Cloud Murutsuma
Maria Milo Mejito
Oogex Drobyl O'Reilly
Yuanchen Xena Hishla
Falkor Xinia Fitzwilliam
Corla Sim Hernandez
Zarbo Buffalo Halibut
Yggsila Abril Daniels
Yezier Akio Wayne
Leni Krishna Gygax
Anaya Tonya Ahmed
Frodo Septima Yeet
Llan Foxx Santa-Cruz
Eve Krishna Zanzibrot
Xinyi Seltsa Ashkenazi
Kelsier Jack California
Ilya Emma Jentry
Sonia Leia Schwetzer
Eden Shallan Stormblessed
Xena Midna Sentimere
Eden Xinia Gerrit
Veebux Wyrm Faheen
Luigi Rahab Fitzwilliam
Rin Cho Petrovic
Tao Tyrian Wan
Shrivan Verla Cillia
Leona Cho Torres
Leni Earnest Chowdury
Luke Emer Chakma
Botax Guido Serrano
Xander Areesha Ginfu
Peggy Wyrm Evenstar
Eve Eva Garcia
Xena Ciri Hwang
Yggsila Fenix Wan
Shallan Paul Solo
Fisk Khan Kendoshi
Drobyl Cassiopiea Nakagawa
Korath Garter Epenona
Link Anaya Kerbochaurd
Luke Ali Azlan
Ryan Sim Ramos
Kat Webster Kritikos
Ludo Seltsa Endo
Isolde Samus Geller
Han Ciri Volkov
Cloud Snimm Dreyfuss
Atreyu Llan Smith
Tao Nora Lezrimond
Ali Eden Dryzt
Leni Snimm Memnon
Neil Foxx Vurnt
Fenix Areesha Ikeda
Milo Khan Mizzrimor
Julio Callum Ramos
Milo Ciri Chakma
Wyrm Xander Xi
Han Artemis Foorl
Sumayah Ravi Avraham
Neil Yggsila Armitage
Ryu Sim Kruchev
Xander Yun Skywalker
Aphra Leia Al-Ghul
Foxx Geralt Jemishek
Tullia Kale Atreides
Nora Areesha Jemishek
Sylphrena Verla Feder
Ryan Xena Cellish
Ishna Tonya Eagle-Feather
Anaya Tyrian Vogelbaum
Fenix Kaladin Yeet
Zara Emilia Kruchev
Han Liv Earthsea
Fenix Valerian Hernandez
Krin Zant Hemonotz
Cassiopiea Callum Kobayashi
Seltsa Bill Avraham
Veebux Gandalf Chowdury
Lleshwi Ivanka California
Atskuo Fatima Duong
Eden Honoria Jentry
Apu Isolde Eagle-Feather
Seltsa Ronin Diego
Artemis Rylan Starsitter
Midna Rylan Jentry
Presley Lakshi Morales
Eva Buffalo Gerrit
Leona Abril Miyagi
Xander Yash Ugnaught
Ulrich Zelda Hernandez
Fisk Cellin Jentry
Earnest Luigi Evenstar
Midna Jack Gubler
Maheen Lyn Zanzibrot
Luigi Yash Blanco
Mehwish Sreevatsava O'Reilly
Alister Verden Wayne
Kaladin Maheen Cheong
Manuel Jennifer Vought
Aurora Sam Santa-Cruz
Cellin Zant Kerbochaurd
Ivanka Ryan O'Reilly
Jasnah Paris Leibniz
Emilia Galaria McDonald
Lleshwi Antonia Trenton
Jareth Samus Cellish
Eve Prisha Jemishek
Lior Naruto Nerfherder
Krin Septima Avraham
Yun Zaraphel Tehuacan
Milan Atreyu Hyprazia
Anaya Lakshi Rubio
Atreyu Krishna Gygax
Gandalf Tyrian Daniels
Abril Xianchu Syushu
Ryu Zara Halibut
Ilya Anaya Enchiridion
HoosFoos Vin Oberron
Yuanchen Lior Dreyfuss
Honoria Kaladin Evenstar
Llan Sreevatsava Dostoyevsky
Verla Sylphrena Ramos
Yun Raven Norton
Sim Presley Barnes
Lior Rhaj Ingersoll
Ishna Callum Rasmussen
Serene Cellin Eagle-Feather
Yurt Vivenna Lopez
Sam Botax Atreides
Honoria Honoria Lestibourne
Cho Ulrich Nerfherder
Ulrich Lakshi California
Link Isabella Whitman
Kat Naruto Dreyfuss
Ciri Honoria Icthyon
Guido Neil Sentimere
Ilya Rin Serrano
Rahab Geralt Armstrong
Yuanchen Sam Idaho
Han Avni Yusuf
Paris Torol Garcia
Tullia Cassiopiea Hemonotz
Emilia Fenix Kwon
Ronin Ciri Avraham
Llan Emilia Dostoyevsky
Fatima Zarbo Melbourne
Naruto Zara Ibrahim
Jareth Gurn Starsitter
Shrivan Yuanchen Zheng
Zaraphel Khan Schroeder
Wyrm Kelsier Vanderbilt
Maheen Tullia Murutsuma
Verla Yurt Suarez
Isabella Webster Hemonotz
Ivanka Ishna Earthsea
Mehwish Ali Ford
Septima Shallan Gubler
Verden Xianchu McDonald
Isolde Cho Rodriguez
Korath Buffalo Suarez
Atskuo Ali Vinson
Eve Rylan Torres
Umbra Xena Stormblessed
ShaiLu Ravi Whitman
Peggy Ryu Jung
Cho Emer Mizzrimor
Shallan Ollie Schwetzer
Naruto Deepak Kerbochaurd
Emer Sumayah Ahmed
Tonya Gurn Skywalker
Garter Alishba Solo
Torol Anaya Schroeder
Liv Aurora O'Reilly
Cloud Yun Suarez
Valerian Leona Chakma
Atskuo Xander Al-Ghul
Yezier Corla Locke
Krishna Ivanka Dunbar
Jareth Ilya Faheen
Yuanchen HoosFoos McMillan
Quartz Fatima PorSellik
Torol Ulrich Rubio
Samus Foxx Diego
Skar Torol Atreides
Isolde Tonya Zanzibrot
Naruto Ronin Armitage
Xinia Ravi Eagle-Feather
Atskuo Rahab Dryzt
Bill Botax Halibut
Ashravan Eva Schwetzer
Xena Sam Ogawa
Saanvi Rhaj Ashkenazi
Bill Avni Murutsuma
Link Corla Kondo
Atskuo Dalinar Carnegie
Earnest Luke Serrano
Fisk Alister PorSellik
Paul Ajit Fitzwilliam
Krishna Milo Melbourne
Rahab Drobyl Hyprazia
Rhaj Emilia Organa
Sylphrena Rahab Armstrong
Anaya Julio Perez
Samus Link Golubev
Ilya Naruto Gubler
HoosFoos Yggsila Dreyfuss
Mehwish Ciri Serrano
Chiri-Chiri Ali Gubler
Shrivan Geralt Diego
Yezier Druzilla Mephistopheles
Sim Atreyu Queens
Artemis ShaiLu Dreyfuss
Yash Yun Kent
Meiling Alishba Anderson
Milo Ajit Santa-Cruz
Eden Corla O'Reilly
Ravi Paris Armitage
Druzilla Natasha Vought
Cellin Ulrich Wayne
Botax Leni Vogelbaum
Milo Vivenna Earthsea
Prisha Isolde Venli
Guido Xander McCray
Vella Zant Pratt
Buffalo Leona Schmidt
Corla Sylphrena Queens
Mehwish Ronin Eagle-Feather
Tyrian Zelda Nyad
Nora Jennifer Mejito
Zant Rin Oberron
Cho Abril Cellish
Callum Maria Strife
Lakshi Link Schwetzer
Yurt Natasha Ramos
Krin Atreyu Ahmed
Isolde Ilena Tehuacan
Yun Deepak Gates
Septima Naruto Kwon
Alister Ishna Gates
Botax Vella Wayne
Ravi Ulim Mejito
Vortigern Presley Barnes
Jareth Cassiopiea Torres
Sim Zoe Solo
Milan Han Ikeda
Yggsila John Iyatil
Ulim Abril Evenstar
Aeryn Tyrian Icthyon
Ulrich Ryan Al-Ghul
Galaria Eden Wan
Areesha Eden Enchiridion
Ilya Grint Memnon
Ludo Zoe McDonald
Lyn Fatima Wojciechowski
Mehwish Llan Cellish
Luke Rin Mizrachi
Gurn Yezier Garcia
Foxx Link Nightshade
Ulrich Veebux Stormblessed
Ryu Kaladin Solo
Cellin Tonya Orbita
Thane Krin Enchiridion
Septima Seltsa Fandurin
Deepak Antonia Ahmed
Oogex Llan Kerbochaurd
Aphra Falkor Vurnt
Zarbo Ziggurah Vinson
Maheen Krishna Cillia
ShaiLu Yuanchen Sokolov
Zarbo Seltsa Lemont
Vivenna Drobyl Hwang
Lior Quartz Ogawa
Jennifer Sumayah Quetzelos
Milo Vortigern Armstrong
Vin Kelsier Rockafeller
Eva Ali Fitzwilliam
Earnest Sonia Warplanter
Bill Khan Sentimere
Sonia Luke Hyprazia
Julio Vin Kholin
Eve Jasnah Miyagi
Prisha Natasha Gygax
Zelda Rhaj Kruchev
Zoe Raven Skywalker
Vella Meiling Ingersoll
Yurt Corla California
Rhaj Ganondorf Suarez
Akio Sam Zanzibrot
Valerian HoosFoos PorSellik
Alishba Liv Rodanza
Llan Eden Gubler
Eva Naruto Cheong
Gandalf Ivanka Zheng
Ulrich Ilya Oneida
Fenix Emilia Torval
Ilena Meiling Skywalker
Umbra Oogex Ingersoll
Midna Rylan Rockafeller
Eris Flyn Nebula
