Neil Armstrong
Ilena Webster Wu
Eva Ivanka Queens
Lakshi Ziggurah Smith
Torol Eve Schwetzer
Quartz Jacob Cillia
Abril Xander Oneida
Atskuo Aeryn Chakma
Grint Eve Mephistopheles
Buzz Lightyear