Neil Armstrong
Septima Ajit Santa-Cruz
Jacob Jareth Idaho
Buffalo Botax Zanzibrot
Foxx Foxx Zheng
Eve Earnest Ikeda
Skar Torol Schmidt
Ryan Bill Hashimoto
Luigi Guido Volkov
Isolde Jai Mejito
Antonia Buffalo Sentimere
Eve Jai Gerrit
Shrivan Manuel Aetheryx
Lanregard Aster Carradune
