Neil Armstrong
Falkor Xinia McCray
Echo Druzilla Jung
Khan Ilya Westmore
Lyn ShaiLu Idaho
Ganondorf Apu Sol
Paul Ludo Serrano
Corla Corla Nightshade
Verden Centauri