I have read and understand all of the instructions.