some_problems_are_hard_some_are_easy_not_sure_which_this_is_xxxxxx