A222 yes
B112 yes
C421 abstain
D879 no
E900 abstain
F450 no
