POP3 abstain
BIT1 abstain
SRT7 no
DD88 no
R01B yes
R01C yes
F003 abstain
ABCD no
BEEF yes
