A111 abstain
A222 abstain
A333 no
A444 no
A555 yes
A666 no
A777 yes
A888 no
A999 yes
B111 abstain
B222 abstain
B333 yes
B444 yes
B555 yes
B666 no
B777 abstain
B888 no
B999 yes
C111 abstain
C222 abstain
C333 yes
C444 no
C555 no
C666 abstain
C777 yes
C888 yes
C999 yes
