30 120
aa
ab
ac
ad
ae
af
ag
ah
ai
aj
ak
al
am
an
ao
ap
aq
ar
as
at
au
av
aw
ax
ay
az
ba
bb
bc
bd
aa ab 383
ab ac 886
ac ad 777
ad ae 915
ae af 793
af ag 335
ag ah 386
ah ai 492
ai aj 649
aj ak 421
ak al 362
al am 27
am an 690
an ao 59
ao ap 763
ap aq 926
aq ar 540
ar as 426
as at 172
at au 736
au av 211
av aw 368
aw ax 567
ax ay 429
ay az 782
az ba 530
ba bb 862
bb bc 123
bc bd 67
az bd 803
am as 70
bb an 457
ab aw 230
ad av 920
ao ah 199
ao af 371
ax aq 92
au ba 874
ac au 997
ab ap 926
ao bb 337
af aq 730
an ar 125
ap am 546
ad au 88
as ag 179
ai ay 404
al ao 400
am aa 677
aw aq 587
ay bd 796
ak ao 379
ar av 98
ac bb 493
aw ba 302
bd ae 620
av ah 98
al av 676
aj ah 568
ad ag 966
bd ao 529
av ac 830
ad bd 271
as bc 716
ag ax 619
av ab 556
ao ai 842
au an 501
ao ae 125
ae ar 857
ar az 860
al ar 229
af ar 475
ab ai 396
bd ah 236
an ai 429
as aj 777
ae an 764
ax ai 607
ak ae 819
aj bb 918
ag ao 744
aa ax 491
bd aw 726
ae aa 506
aq aj 83
am ao 198
bb ap 805
ai al 623
as bd 344
aq ai 341
aw al 811
bc af 321
ba ae 627
am af 709
aq am 259
aa ag 453
bd aj 551
ad al 882
ak an 895
ak ad 200
al bd 997
aj ad 814
as au 96
ao aa 91
am ag 108
ap ag 180
ac bc 173
am ar 207
av an 373
ab az 820
at av 905
at ab 941
au ay 659
ba ab 631
ao aw 973
az ap 223
at ak 43
ai au 525
au bd 582
